EN t_ff NULL C:/Xilinx/.MyProjects/FF_T/T_FF.vhd sub00/vhpl00 1620899187
EN t_test NULL C:/Xilinx/.MyProjects/FF_T/T_TEST.vhw sub00/vhpl02 1620899189
AR t_ff behavioral C:/Xilinx/.MyProjects/FF_T/T_FF.vhd sub00/vhpl01 1620899188
AR t_test testbench_arch C:/Xilinx/.MyProjects/FF_T/T_TEST.vhw sub00/vhpl03 1620899190
