V3 3
FL $XILINX/.MyProjects/LED/LED_BLINK.vhd 2021/05/28.18:52:48 I.24
EN work/LED_BLINK 1622208196       FL $XILINX/.MyProjects/LED/LED_BLINK.vhd \
      PB ieee/std_logic_1164 1131108373 PB ieee/std_logic_arith 1131108375 \
      PB ieee/STD_LOGIC_UNSIGNED 1131108379
AR work/LED_BLINK/Behavioral 1622208197 FL $XILINX/.MyProjects/LED/LED_BLINK.vhd \
      EN work/LED_BLINK 1622208196
