V3 3
FL $XILINX/.MyProjects/STATE/MOD5.vhd 2021/06/01.22:09:37 I.24
EN work/MOD5 1622565629            FL $XILINX/.MyProjects/STATE/MOD5.vhd \
      PB ieee/std_logic_1164 1131108373 PB ieee/std_logic_arith 1131108375 \
      PB ieee/STD_LOGIC_UNSIGNED 1131108379
AR work/MOD5/Behavioral 1622565630 FL $XILINX/.MyProjects/STATE/MOD5.vhd EN work/MOD5 1622565629
