V3 3
FL $XILINX/.MyProjects/CNTR/CNTR_UPDOWN.vhd 2021/05/20.10:50:28 I.24
EN work/CNTR_UPDOWN 1621676823     FL $XILINX/.MyProjects/CNTR/CNTR_UPDOWN.vhd \
      PB ieee/std_logic_1164 1131108373 PB ieee/std_logic_arith 1131108375 \
      PB ieee/STD_LOGIC_UNSIGNED 1131108379
AR work/CNTR_UPDOWN/Behavioral 1621676824 FL $XILINX/.MyProjects/CNTR/CNTR_UPDOWN.vhd \
      EN work/CNTR_UPDOWN 1621676823
