V3 3
FL $XILINX/.MyProjects/FUNC/FUNC_DEMO.vhd 2021/05/06.18:17:19 I.24
EN work/FUNC_DEMO 1620305278       FL $XILINX/.MyProjects/FUNC/FUNC_DEMO.vhd \
      PB ieee/std_logic_1164 1131108373 PB ieee/std_logic_arith 1131108375 \
      PB ieee/STD_LOGIC_UNSIGNED 1131108379
AR work/FUNC_DEMO/Behavioral 1620305279 FL $XILINX/.MyProjects/FUNC/FUNC_DEMO.vhd \
      EN work/FUNC_DEMO 1620305278
