EN mod5_test NULL C:/Xilinx/.MyProjects/STATE/MOD5_TEST.vhw sub00/vhpl02 1622566435
AR mod5 behavioral C:/Xilinx/.MyProjects/STATE/MOD5.vhd sub00/vhpl01 1622566434
EN mod5 NULL C:/Xilinx/.MyProjects/STATE/MOD5.vhd sub00/vhpl00 1622566433
AR mod5_test testbench_arch C:/Xilinx/.MyProjects/STATE/MOD5_TEST.vhw sub00/vhpl03 1622566436
