V3 3
FL $XILINX/.MyProjects/UP/UP_COUNTER.vhd 2021/05/13.15:53:30 I.24
EN work/UP_COUNTER 1620901421      FL $XILINX/.MyProjects/UP/UP_COUNTER.vhd \
      PB ieee/std_logic_1164 1131108373 PB ieee/std_logic_arith 1131108375 \
      PB ieee/STD_LOGIC_UNSIGNED 1131108379
AR work/UP_COUNTER/Behavioral 1620901422 FL $XILINX/.MyProjects/UP/UP_COUNTER.vhd \
      EN work/UP_COUNTER 1620901421
