V3 3
FL $XILINX/.MyProjects/SISO_SR/SISO.vhd 2021/05/27.14:54:23 I.24
EN work/SISO 1622107488            FL $XILINX/.MyProjects/SISO_SR/SISO.vhd \
      PB ieee/std_logic_1164 1131108373 PB ieee/std_logic_arith 1131108375 \
      PB ieee/STD_LOGIC_UNSIGNED 1131108379
AR work/SISO/Behavioral 1622107489 FL $XILINX/.MyProjects/SISO_SR/SISO.vhd EN work/SISO 1622107488
