V3 3
FL $XILINX/.MyProjects/hadd/h_add.vhd 2021/05/30.12:31:04 I.24
EN work/h_add 1622358131           FL $XILINX/.MyProjects/hadd/h_add.vhd \
      PB ieee/std_logic_1164 1131108373 PB ieee/std_logic_arith 1131108375 \
      PB ieee/STD_LOGIC_UNSIGNED 1131108379
AR work/h_add/Behavioral 1622358132 FL $XILINX/.MyProjects/hadd/h_add.vhd EN work/h_add 1622358131
