V3 3
FL $XILINX/.MyProjects/dl/dl.vhd 2021/04/19.11:34:24 I.24
EN work/dl 1618812291              FL $XILINX/.MyProjects/dl/dl.vhd PB ieee/std_logic_1164 1131108373 \
      PB ieee/std_logic_arith 1131108375 PB ieee/STD_LOGIC_UNSIGNED 1131108379
AR work/dl/Behavioral 1618812292   FL $XILINX/.MyProjects/dl/dl.vhd EN work/dl 1618812291
