V3 3
FL $XILINX/.MyProjects/FF_T/T_FF.vhd 2021/05/13.15:15:05 I.24
EN work/T_FF 1620899133            FL $XILINX/.MyProjects/FF_T/T_FF.vhd \
      PB ieee/std_logic_1164 1131108373 PB ieee/std_logic_arith 1131108375 \
      PB ieee/STD_LOGIC_UNSIGNED 1131108379
AR work/T_FF/Behavioral 1620899134 FL $XILINX/.MyProjects/FF_T/T_FF.vhd EN work/T_FF 1620899133
