V3 3
FL $XILINX/.MyProjects/FF_D/D_FF.vhd 2021/05/13.15:07:47 I.24
EN work/D_FF 1621004784            FL $XILINX/.MyProjects/FF_D/D_FF.vhd \
      PB ieee/std_logic_1164 1131108373 PB ieee/std_logic_arith 1131108375 \
      PB ieee/STD_LOGIC_UNSIGNED 1131108379
AR work/D_FF/Behavioral 1621004785 FL $XILINX/.MyProjects/FF_D/D_FF.vhd EN work/D_FF 1621004784
