EN myxor3 NULL C:/Xilinx/.MyProjects/fadd/myxor3.vhd sub00/vhpl02 1622359268
AR f_add struct C:/Xilinx/.MyProjects/fadd/f_add.vhd sub00/vhpl08 1622359286
AR myor3 behavioral C:/Xilinx/.MyProjects/fadd/myor3.vhd sub00/vhpl07 1622359273
AR myxor3 behavioral C:/Xilinx/.MyProjects/fadd/myxor3.vhd sub00/vhpl03 1622359269
AR f_add behavioral C:/Xilinx/.MyProjects/fadd/f_add.vhd sub00/vhpl01 1618836011
EN f_add NULL C:/Xilinx/.MyProjects/fadd/f_add.vhd sub00/vhpl00 1622359285
EN myand2 NULL C:/Xilinx/.MyProjects/fadd/myand2.vhd sub00/vhpl04 1622359270
AR myand2 behavioral C:/Xilinx/.MyProjects/fadd/myand2.vhd sub00/vhpl05 1622359271
EN myor3 NULL C:/Xilinx/.MyProjects/fadd/myor3.vhd sub00/vhpl06 1622359272
