AR d_ff behavioral C:/Xilinx/.MyProjects/FF_D/D_FF.vhd sub00/vhpl01 1620898779
EN d_ff NULL C:/Xilinx/.MyProjects/FF_D/D_FF.vhd sub00/vhpl00 1620898778
EN d_test NULL C:/Xilinx/.MyProjects/FF_D/D_TEST.vhw sub00/vhpl02 1620898780
AR d_test testbench_arch C:/Xilinx/.MyProjects/FF_D/D_TEST.vhw sub00/vhpl03 1620898781
