V3 3
FL $XILINX/.MyProjects/PIPO/PIPO_SR.vhd 2021/05/27.11:22:32 I.24
EN work/PIPO_SR 1622094844         FL $XILINX/.MyProjects/PIPO/PIPO_SR.vhd \
      PB ieee/std_logic_1164 1131108373 PB ieee/std_logic_arith 1131108375 \
      PB ieee/STD_LOGIC_UNSIGNED 1131108379
AR work/PIPO_SR/Behavioral 1622094845 FL $XILINX/.MyProjects/PIPO/PIPO_SR.vhd \
      EN work/PIPO_SR 1622094844
